May 16, 2014 11:35:28 PM org.glassfish.jersey.servlet.WebComponent filterFormParameters
WARNING: A servlet request to the URI http://gw-prod.chewie.internetat.tv/api/v1/terms/ba000000000019171212/11129/Comedy/sitcom%2Cmockumentary?modelid=14_X1
4_BT&mgrver=6.1241&duid=7XCHU5ARJ7SM6 contains form parameters in the request body but the request body has been consumed by the servlet or a servlet filter
 accessing the request parameters. Only resource methods using @FormParam will work as expected. Resource methods consuming the request body by other means
will not work as expected.
May 16, 2014 11:36:00 PM org.glassfish.jersey.servlet.WebComponent filterFormParameters
WARNING: A servlet request to the URI http://gw-prod.chewie.internetat.tv/api/v1/terms/ba000000000020743822/21215/Action-adventure/Drama%2Cmystery%2Csuspens
e-thriller?modelid=14_X14_BT&mgrver=6.1241&duid=7XCHU5ARJ7SM6 contains form parameters in the request body but the request body has been consumed by the ser
vlet or a servlet filter accessing the request parameters. Only resource methods using @FormParam will work as expected. Resource methods consuming the requ
est body by other means will not work as expected.
java.lang.ClassCastException: org.json.simple.JSONObject cannot be cast to org.json.simple.JSONArray
        at com.samsung.sra.social.boxfish.BoxfishService.getTerms(BoxfishService.java:72)
        at com.samsung.sra.social.boxfish.BoxfishService.getTerms(BoxfishService.java:99)
        at com.samsung.sra.social.service.TermService.getNewsTerms(TermService.java:118)
        at com.samsung.sra.social.service.TermService.getTerms(TermService.java:558)
        at com.samsung.sra.social.Api.getTermsList(Api.java:247)
        at com.samsung.sra.social.Api.getTerms(Api.java:273)
        at sun.reflect.GeneratedMethodAccessor40.invoke(Unknown Source)
        at sun.reflect.DelegatingMethodAccessorImpl.invoke(DelegatingMethodAccessorImpl.java:43)
        at java.lang.reflect.Method.invoke(Method.java:606)
        at java.lang.Thread.run(Thread.java:744)
May 17, 2014 12:33:02 AM org.glassfish.jersey.servlet.WebComponent filterFormParameters
WARNING: A servlet request to the URI http://gw-prod.chewie.internetat.tv/api/v1/terms/ba000000000023815770/1164/Outdoors/Reality?modelid=13_FOXP&mgrver=5.279&duid=EXCHC5ZTEJTGC&clientVersion=3.14.26 contains form parameters in the request body but the request body has been consumed by the servlet or a servlet filter accessing the request parameters. Only resource methods using @FormParam will work as expected. Resource methods consuming the request body by other means will not work as expected.
java.lang.ClassCastException: org.json.simple.JSONObject cannot be cast to org.json.simple.JSONArray
        at com.samsung.sra.social.boxfish.BoxfishService.getTerms(BoxfishService.java:72)
        at com.samsung.sra.social.boxfish.BoxfishService.getTerms(BoxfishService.java:99)
        at com.samsung.sra.social.service.TermService.getNewsTerms(TermService.java:118)
        at com.samsung.sra.social.service.TermService.getTerms(TermService.java:558)
        at com.samsung.sra.social.Api.getTermsList(Api.java:247)
        at com.samsung.sra.social.Api.getTerms(Api.java:273)
        at java.util.concurrent.ThreadPoolExecutor$Worker.run(ThreadPoolExecutor.java:615)
        at java.lang.Thread.run(Thread.java:744)
May 17, 2014 2:00:09 AM org.glassfish.jersey.servlet.WebComponent filterFormParameters
WARNING: A servlet request to the URI http://gw-prod.chewie.internetat.tv/api/v1/terms/ba000000000024130425/19978/Reality/technology?modelid=13_FOXP&mgrver=5.279&duid=EXCHC5ZTEJTGC&clientVersion=3.14.26 contains form parameters in the request body but the request body has been consumed by the servlet or a servlet filter accessing the request parameters. Only resource methods using @FormParam will work as expected. Resource methods consuming the request body by other means will not work as expected.
May 17, 2014 2:25:23 AM org.glassfish.jersey.servlet.WebComponent filterFormParameters
WARNING: A servlet request to the URI http://gw-prod.chewie.internetat.tv/api/v1/terms/ba000000000024037393/2533/Reality/technology?modelid=13_FOXP&mgrver=5.279&duid=EXCHC5ZTEJTGC&clientVersion=3.14.26 contains form parameters in the request body but the request body has been consumed by the servlet or a servlet filter accessing the request parameters. Only resource methods using @FormParam will work as expected. Resource methods consuming the request body by other means will not work as expected.
May 17, 2014 4:14:25 AM org.apache.catalina.core.StandardServer await
INFO: A valid shutdown command was received via the shutdown port. Stopping the Server instance.
May 17, 2014 4:14:25 AM org.apache.coyote.AbstractProtocol pause
INFO: Pausing ProtocolHandler ["http-bio-80"]

